;Version|RRemarks-v2-20110909
Delayed registration.
Legitimated by virtue of subsequent marriage of parents on [insert date here] at [insert place here]. Henceforth, the child shall be known as [insert new name here].
Registered pursuant to PD 1083.
Registered pursuant to RA 8371.
Registered pursuant to RA 9255.
For statistical purposes only.
Registered pursuant to Rule 20 of Administrative Order No. 1, Series of 1993.
Original copy forwarded to NSO OCRG on [insert date here].